// Jest Snapshot v1, https://goo.gl/fbAQLP

exports[`[ThemeProvider] rendering test component and snapshot matches 1`] = `
<View>
  <Text
    testID="test-text"
  >
    "LIGHT"
  </Text>
  <View
    accessibilityRole="button"
    accessibilityState={Object {}}
    onPress={[Function]}
    testID="test-button"
  >
    <View
      style={
        Array [
          Object {},
        ]
      }
    >
      <Text
        style={
          Array [
            Object {
              "color": "#007AFF",
              "fontSize": 18,
              "margin": 8,
              "textAlign": "center",
            },
          ]
        }
      >
        Button
      </Text>
    </View>
  </View>
</View>
`;
